
[1m[46m RUN [49m[22m [36mv4.1.0 [39m[90mC:/Users/PrathameshNadkarni/Dev/Cloud/Cloud-Orchestrator[39m

 [32mΓ£ô[39m src/lib/server/events/events.spec.ts [2m([22m[2m1 test[22m[2m)[22m[32m 4[2mms[22m[39m
[90mstdout[2m | src/lib/server/secret-plane/secret.spec.ts[2m > [22m[2mSecretBroker[2m > [22m[2mshould seal a secret correctly and never return the plaintext
[22m[39m[SecretBroker] Sealing secret for tenant test-tenant

[90mstdout[2m | src/lib/server/secret-plane/secret.spec.ts[2m > [22m[2mSecretBroker[2m > [22m[2mshould unseal a secret returning the plaintext string
[22m[39m[SecretBroker] Unsealing secret for tenant tenant-id via grant grant-123

 [32mΓ£ô[39m src/lib/server/secret-plane/secret.spec.ts [2m([22m[2m2 tests[22m[2m)[22m[32m 4[2mms[22m[39m
 [31mΓ¥»[39m src/lib/server/mfa/mfa.spec.ts [2m([22m[2m0 test[22m[2m)[22m
 [32mΓ£ô[39m src/lib/server/cache/cache.spec.ts [2m([22m[2m3 tests[22m[2m)[22m[32m 3[2mms[22m[39m
 [31mΓ¥»[39m src/routes/(auth)/login/login.spec.ts [2m([22m[2m1 test[22m[2m | [22m[31m1 failed[39m[2m)[22m[32m 14[2mms[22m[39m
[31m     [31m├ù[31m should render the login form[39m[32m 12[2mms[22m[39m
node.exe : 
At line:1 char:1
+ & "C:\Program Files\nodejs/node.exe" "C:\Program Files\nodejs/node_mo ...
+ ~~~~~~~~~~~~~~~~~~~~~~~~~~~~~~~~~~~~~~~~~~~~~~~~~~~~~~~~~~~~~~~~~~~~~
    + CategoryInfo          : NotSpecified: (:String) [], RemoteException
    + FullyQualifiedErrorId : NativeCommandError
 
[31mΓÄ»ΓÄ»ΓÄ»ΓÄ»ΓÄ»ΓÄ»[39m[1m[41m Failed Suites 1 [49m[22m[31mΓÄ»ΓÄ»ΓÄ»ΓÄ»ΓÄ»ΓÄ»ΓÄ»[39m

[41m[1m FAIL [22m[49m src/lib/server/mfa/mfa.spec.ts[2m [ src/lib/server/mfa/mfa.spec.ts ][22m
[31m[1mPrismaClientConstructorValidationError[22m: Using engine type "client" requires either "adapter" or "accelerateUrl" to be provided to PrismaClient 
constructor.
Read more at https://pris.ly/d/client-constructor[39m
[90m [2mΓ¥»[22m Rm node_modules/@prisma/client/src/runtime/utils/validatePrismaClientOptions.ts:[2m229:10[22m[39m
[90m [2mΓ¥»[22m validateDependentOptions node_modules/@prisma/client/src/runtime/utils/validatePrismaClientOptions.ts:[2m246:2[22m[39m
[90m [2mΓ¥»[22m validatePrismaClientOptions node_modules/@prisma/client/src/runtime/getPrismaClient.ts:[2m342:6[22m[39m
[36m [2mΓ¥»[22m src/lib/server/db/index.ts:[2m9:5[22m[39m
    [90m  7|[39m [35mexport[39m [35mconst[39m prisma [33m=[39m
    [90m  8|[39m     globalForPrisma[33m.[39mprisma [33m||[39m
    [90m  9|[39m     [35mnew[39m [33mPrismaClient[39m({
    [90m   |[39m     [31m^[39m
    [90m 10|[39m         log[33m:[39m [[32m'query'[39m][33m,[39m
    [90m 11|[39m     })[33m;[39m
[90m [2mΓ¥»[22m src/lib/server/mfa/index.ts:[2m7:1[22m[39m

[31m[2mΓÄ»ΓÄ»ΓÄ»ΓÄ»ΓÄ»ΓÄ»ΓÄ»ΓÄ»ΓÄ»ΓÄ»ΓÄ»ΓÄ»ΓÄ»ΓÄ»ΓÄ»ΓÄ»ΓÄ»ΓÄ»ΓÄ»ΓÄ»ΓÄ»ΓÄ»ΓÄ»ΓÄ»[1/2]ΓÄ»[22m[39m


[31mΓÄ»ΓÄ»ΓÄ»ΓÄ»ΓÄ»ΓÄ»ΓÄ»[39m[1m[41m Failed Tests 1 [49m[22m[31mΓÄ»ΓÄ»ΓÄ»ΓÄ»ΓÄ»ΓÄ»ΓÄ»[39m

[41m[1m FAIL [22m[49m src/routes/(auth)/login/login.spec.ts[2m > [22mLogin Component[2m > [22mshould render the login form
[31m[1mSvelte error[22m: lifecycle_function_unavailable
`mount(...)` is not available on the server
https://svelte.dev/e/lifecycle_function_unavailable[39m
[36m [2mΓ¥»[22m Module.lifecycle_function_unavailable node_modules/svelte/src/internal/server/errors.js:[2m114:16[22m[39m
    [90m112|[39m  */[39m
    [90m113|[39m [35mexport[39m [35mfunction[39m [34mlifecycle_function_unavailable[39m(name) {
    [90m114|[39m  const error = new Error(`lifecycle_function_unavailable\n\`${name}(..ΓÇª
    [90m   |[39m                [31m^[39m
    [90m115|[39m
    [90m116|[39m  error[33m.[39mname [33m=[39m [32m'Svelte error'[39m[33m;[39m
[90m [2mΓ¥»[22m Module.mount node_modules/svelte/src/index-server.js:[2m25:4[22m[39m
[90m [2mΓ¥»[22m mountModern node_modules/@testing-library/svelte-core/src/mount.js:[2m20:28[22m[39m
[90m [2mΓ¥»[22m mount node_modules/@testing-library/svelte-core/src/mount.js:[2m85:44[22m[39m
[90m [2mΓ¥»[22m Module.render node_modules/@testing-library/svelte-core/src/render.js:[2m16:28[22m[39m
[90m [2mΓ¥»[22m render node_modules/@testing-library/svelte/src/pure.js:[2m49:73[22m[39m
[90m [2mΓ¥»[22m src/routes/(auth)/login/login.spec.ts:[2m8:9[22m[39m

[31m[2mΓÄ»ΓÄ»ΓÄ»ΓÄ»ΓÄ»ΓÄ»ΓÄ»ΓÄ»ΓÄ»ΓÄ»ΓÄ»ΓÄ»ΓÄ»ΓÄ»ΓÄ»ΓÄ»ΓÄ»ΓÄ»ΓÄ»ΓÄ»ΓÄ»ΓÄ»ΓÄ»ΓÄ»[2/2]ΓÄ»[22m[39m


[2m Test Files [22m [1m[31m2 failed[39m[22m[2m | [22m[1m[32m3 passed[39m[22m[90m (5)[39m
[2m      Tests [22m [1m[31m1 failed[39m[22m[2m | [22m[1m[32m6 passed[39m[22m[90m (7)[39m
[2m   Start at [22m 12:06:01
[2m   Duration [22m 4.92s[2m (transform 3.25s, setup 0ms, import 3.66s, tests 25ms, environment 5.52s)[22m

